// Jest Snapshot v1, https://goo.gl/fbAQLP

exports[`<Overlay /> should initialize without crash and match snapshot 1`] = `
<div
  className="overlay"
>
  TEST STRING
</div>
`;
